---
source: app/src/parser/transactions.rs
expression: reduced
input_file: app/src/parser/testvectors/sample_fuji2.json
---
[
    "Transfer": "Transaction",
    "Transfer": "0.000001 LUX to ",
    "Address": "fuji10an3cucdfqru984pnvv6y0rspvvclz634xwwhs",
    "Transfer": "0.006999 LUX to ",
    "Address": "fuji179xfr036ym3uuv8ewrv8y4la97ealwmlfg8yrr",
    "Fee(LUX)": "0.001",
]
